// Jest Snapshot v1, https://goo.gl/fbAQLP

exports[`<TyperShowdownLobbyPage /> should render and match the snapshot 1`] = `
<h1>
  <span>
    This is the TyperShowdownLobbyPage container!
  </span>
</h1>
`;
