// Jest Snapshot v1, https://goo.gl/fbAQLP

exports[`<TyperShowdownPage /> should render and match the snapshot 1`] = `
<h1>
  <span>
    This is the TyperShowdownPage container!
  </span>
</h1>
`;
